Last login: Wed Feb 11 21:19:10 on console
henriklampinen@MacBook-Air-som-tillhor-Henrik ~ % 
henriklampinen@MacBook-Air-som-tillhor-Henrik ~ % python3 --version

Python 3.9.6
henriklampinen@MacBook-Air-som-tillhor-Henrik ~ % 
henriklampinen@MacBook-Air-som-tillhor-Henrik ~ % cd Desktop

henriklampinen@MacBook-Air-som-tillhor-Henrik Desktop % mkdir umea-bostader

henriklampinen@MacBook-Air-som-tillhor-Henrik Desktop % cd umea-bostader

henriklampinen@MacBook-Air-som-tillhor-Henrik umea-bostader % touch index.html

henriklampinen@MacBook-Air-som-tillhor-Henrik umea-bostader % code .

zsh: command not found: code
henriklampinen@MacBook-Air-som-tillhor-Henrik umea-bostader % cd Desktop/umea-bostader

cd: no such file or directory: Desktop/umea-bostader
henriklampinen@MacBook-Air-som-tillhor-Henrik umea-bostader % pwd

/Users/henriklampinen/Desktop/umea-bostader
henriklampinen@MacBook-Air-som-tillhor-Henrik umea-bostader % git init

Initialized empty Git repository in /Users/henriklampinen/Desktop/umea-bostader/.git/
henriklampinen@MacBook-Air-som-tillhor-Henrik umea-bostader % git add .

henriklampinen@MacBook-Air-som-tillhor-Henrik umea-bostader % git commit -m "Första version av hemsidan"

[main (root-commit) 2e5d4dd] Första version av hemsidan
 1 file changed, 57 insertions(+)
 create mode 100644 index.html
henriklampinen@MacBook-Air-som-tillhor-Henrik umea-bostader % git remote add origin https://github.com/henrikla1/umea-bostader.git

henriklampinen@MacBook-Air-som-tillhor-Henrik umea-bostader % git branch -M main 

henriklampinen@MacBook-Air-som-tillhor-Henrik umea-bostader % git push -u origin main

To https://github.com/henrikla1/umea-bostader.git
 ! [rejected]        main -> main (fetch first)
error: failed to push some refs to 'https://github.com/henrikla1/umea-bostader.git'
hint: Updates were rejected because the remote contains work that you do not
hint: have locally. This is usually caused by another repository pushing to
hint: the same ref. If you want to integrate the remote changes, use
hint: 'git pull' before pushing again.
hint: See the 'Note about fast-forwards' in 'git push --help' for details.
henriklampinen@MacBook-Air-som-tillhor-Henrik umea-bostader % git pull origin main --allow-unrelated-histories

remote: Enumerating objects: 3, done.
remote: Counting objects: 100% (3/3), done.
remote: Total 3 (delta 0), reused 0 (delta 0), pack-reused 0 (from 0)
Unpacking objects: 100% (3/3), 866 bytes | 216.00 KiB/s, done.
From https://github.com/henrikla1/umea-bostader
 * branch            main       -> FETCH_HEAD
 * [new branch]      main       -> origin/main
hint: You have divergent branches and need to specify how to reconcile them.
hint: You can do so by running one of the following commands sometime before
hint: your next pull:
hint:
hint:   git config pull.rebase false  # merge
hint:   git config pull.rebase true   # rebase
hint:   git config pull.ff only       # fast-forward only
hint:
hint: You can replace "git config" with "git config --global" to set a default
hint: preference for all repositories. You can also pass --rebase, --no-rebase,
hint: or --ff-only on the command line to override the configured default per
hint: invocation.
fatal: Need to specify how to reconcile divergent branches.
henriklampinen@MacBook-Air-som-tillhor-Henrik umea-bostader % git pull origin main --allow-unrelated-histories --no-rebase

From https://github.com/henrikla1/umea-bostader
 * branch            main       -> FETCH_HEAD
hint: Waiting for your editor to close the file... 
Merggit push -u origin main
e branch 'main' of https://github.com/henrikla1/umea-bostader
# Please enter a commit message to explain why this merge is necessary,
# especially if it merges an updated upstream into a topic branch.
#
# Lines starting with '#' will be ignored, and an empty message aborts
# the commit.
~                                                                               
~                                                                               
~                                                                               
~                                                                               
~                                                                               
~                                                                               
~                                                                               
~                                                                               
~                                                                               
~                                                                               
~                                                                               
~                                                                               
~                                                                               
~                                                                               
~                                                                               
~                                                                               

